Sanity / First `smk`, after `make`, should run no command [Successful](tests_status.md#successful)
Sanity / Second `smk`, should not run any command [Successful](tests_status.md#successful)
Sanity / `smk reset`, no more history, should run all commands [Successful](tests_status.md#successful)
Sanity / `smk -a`, should run all commands even if not needed [Successful](tests_status.md#successful)
Sanity / `rm main.o` (missing file) [Successful](tests_status.md#successful)
Sanity / `touch hello.c` (updated file) [Successful](tests_status.md#successful)
Sanity / `touch hello.c` and dry run [Successful](tests_status.md#successful)
Read queries / read-smkfile [Successful](tests_status.md#successful)
Read queries / status [Successful](tests_status.md#successful)
List queries / lr | list-runs [Successful](tests_status.md#successful)
List queries / lt | list-targets [Successful](tests_status.md#successful)
List queries / ls | list-sources [Successful](tests_status.md#successful)
List queries / ls | list-sources --show-all-files [Successful](tests_status.md#successful)
Targets related functions / real clean [Successful](tests_status.md#successful)
Targets related functions / Build selected target [Successful](tests_status.md#successful)
Targets related functions / Build unknown target [Successful](tests_status.md#successful)
Implicit naming / Implicit naming [Successful](tests_status.md#successful)
Run errors / -k -i [Successful](tests_status.md#successful)
Run errors / `run` command fails [Successful](tests_status.md#successful)
Run errors / debug option [Successful](tests_status.md#successful)
Command line / Help options [Successful](tests_status.md#successful)
Command line / Version option [Successful](tests_status.md#successful)
Command line / Illegal cmd lines [Successful](tests_status.md#successful)
Command line / Option given after a command [Successful](tests_status.md#successful)
Command line / Unknow Makefile [Successful](tests_status.md#successful)
Multiline Commands / multiline single command [Successful](tests_status.md#successful)
Multiline Commands / multiline with more commands and pipes [Successful](tests_status.md#successful)
Multiline Commands / Hill formatted multiline [Successful](tests_status.md#successful)
Sections related functions / specific section building [Successful](tests_status.md#successful)
Sections related functions / unknow section [Successful](tests_status.md#successful)
Sections related functions / smkmfile:section notation [Successful](tests_status.md#successful)
Command Run features / Add and build [Successful](tests_status.md#successful)
Command Run features / Run [Successful](tests_status.md#successful)
Directory update tests / start conversion [Successful](tests_status.md#successful)
Directory update tests / new ogg in dir [Successful](tests_status.md#successful)
Directory update tests / ogg-to-mp3 is modified [Successful](tests_status.md#successful)
Directory update tests / adding a .ogg file in a subdir [Successful](tests_status.md#successful)
Directory update tests / smk clean [Successful](tests_status.md#successful)
All tests OK [Successful](tests_status.md#successful)
All tests OK [Successful](tests_status.md#successful)
All tests OK [Successful](tests_status.md#successful)
All tests OK [Successful](tests_status.md#successful)
All tests OK [Successful](tests_status.md#successful)
All tests OK [Successful](tests_status.md#successful)
Tutorial / start conversion [Successful](tests_status.md#successful)
Tutorial / second run [Successful](tests_status.md#successful)
Tutorial / smk do not rebuild if a target is missing!!! [Successful](tests_status.md#successful)
Tutorial / unless using the `-mt` / `--build-missing-target` option [Successful](tests_status.md#successful)
Tutorial / smk do rebuild if you give the target [Successful](tests_status.md#successful)
Directory tests / mkdir dir1 [Successful](tests_status.md#successful)
Directory tests / updating dir1 [Successful](tests_status.md#successful)
Directory tests / cleaning dir1 [Successful](tests_status.md#successful)
Directory tests / accessing dir1 contents, read access [Successful](tests_status.md#successful)
Directory tests / removing dir1 [Successful](tests_status.md#successful)
