   - [X] scenario   [First `smk`, after `make`, should run no command](../sanity/sanity.md) pass  
   - [X] scenario   [Second `smk`, should not run any command](../sanity/sanity.md) pass  
   - [X] scenario   [`smk reset`, no more history, should run all commands](../sanity/sanity.md) pass  
   - [X] scenario   [`smk -a`, should run all commands even if not needed](../sanity/sanity.md) pass  
   - [X] scenario   [`rm main.o` (missing file)](../sanity/sanity.md) pass  
   - [X] scenario   [`touch hello.c` (updated file)](../sanity/sanity.md) pass  
   - [X] scenario   [`touch hello.c` and dry run](../sanity/sanity.md) pass  
   - [X] scenario   [read-smkfile](../../docs/Features/A010_queries.md) pass  
   - [X] scenario   [status](../../docs/Features/A010_queries.md) pass  
   - [X] scenario   [status, long listing and system files](../../docs/Features/A010_queries.md) pass  
   - [X] scenario   [status, no previous run](../../docs/Features/A010_queries.md) pass  
   - [X] scenario   [status, no smkfile](../../docs/Features/A010_queries.md) pass  
   - [X] scenario   [lr, list-runs](../../docs/Features/A010_queries.md) pass  
   - [X] scenario   [lt, list-targets](../../docs/Features/A010_queries.md) pass  
   - [X] scenario   [ls, list-sources](../../docs/Features/A010_queries.md) pass  
   - [X] scenario   [list-sources, show all files](../../docs/Features/A010_queries.md) pass  
   - [X] scenario   [dry-run clean](../../docs/Features/A020_build.md) pass  
   - [X] scenario   [real clean](../../docs/Features/A020_build.md) pass  
   - [X] scenario   [build selected target](../../docs/Features/A020_build.md) pass  
   - [X] scenario   [build unknown target](../../docs/Features/A020_build.md) pass  
   - [X] scenario   [no run file in the directory](../../docs/Features/A020_build.md) pass  
   - [X] scenario   [one run file, implicit run](../../docs/Features/A020_build.md) pass  
   - [X] scenario   [more than one run file](../../docs/Features/A020_build.md) pass  
   - [X] scenario   [specific section building](../../docs/Features/A020_build.md) pass  
   - [X] scenario   [unknown section](../../docs/Features/A020_build.md) pass  
   - [X] scenario   [smkfile,section notation](../../docs/Features/A020_build.md) pass  
   - [X] scenario   [unknown smkfile with section](../../docs/Features/A020_build.md) pass  
   - [X] scenario   [add and build](../../docs/Features/A020_build.md) pass  
   - [X] scenario   [run](../../docs/Features/A020_build.md) pass  
   - [X] scenario   [multiline single command](../../docs/Features/A030_smkfile_format.md) pass  
   - [X] scenario   [multiline with more commands and pipes](../../docs/Features/A030_smkfile_format.md) pass  
   - [X] scenario   [hill formatted multiline](../../docs/Features/A030_smkfile_format.md) pass  
   - [X] scenario   [no option](../../docs/Features/A040_errors.md) pass  
   - [X] scenario   [keep going](../../docs/Features/A040_errors.md) pass  
   - [X] scenario   [ignore errors](../../docs/Features/A040_errors.md) pass  
   - [X] scenario   [keep going and ignore errors](../../docs/Features/A040_errors.md) pass  
   - [X] scenario   [run command fails](../../docs/Features/A040_errors.md) pass  
   - [X] scenario   [other commands after a failed run](../../docs/Features/A040_errors.md) pass  
   - [X] scenario   [debug option](../../docs/Features/A040_errors.md) pass  
   - [X] scenario   [help options](../../docs/Features/A040_errors.md) pass  
   - [X] scenario   [version option](../../docs/Features/A040_errors.md) pass  
   - [X] scenario   [illegal command lines](../../docs/Features/A040_errors.md) pass  
   - [X] scenario   [option given after a command](../../docs/Features/A040_errors.md) pass  
   - [X] scenario   [unknown smkfile](../../docs/Features/A040_errors.md) pass  
   - [X] scenario   [mkdir dir1](../../docs/Features/A050_use_cases.md) pass  
   - [X] scenario   [updating dir1](../../docs/Features/A050_use_cases.md) pass  
   - [X] scenario   [cleaning dir1](../../docs/Features/A050_use_cases.md) pass  
   - [X] scenario   [accessing dir1 contents, write access](../../docs/Features/A050_use_cases.md) pass  
   - [X] scenario   [accessing dir1 contents, read access](../../docs/Features/A050_use_cases.md) pass  
   - [X] scenario   [removing dir1](../../docs/Features/A050_use_cases.md) pass  
   - [X] scenario   [start conversion](../../docs/Features/A050_use_cases.md) pass  
   - [X] scenario   [new ogg in dir](../../docs/Features/A050_use_cases.md) pass  
   - [X] scenario   [ogg-to-mp3 is modified](../../docs/Features/A050_use_cases.md) pass  
   - [X] scenario   [adding a .ogg file in a subdir](../../docs/Features/A050_use_cases.md) pass  
   - [X] scenario   [smk clean](../../docs/Features/A050_use_cases.md) pass  
   - [X] scenario   [create the sources for this test case](../../docs/tutorial.md) pass  
   - [X] scenario   [first run](../../docs/tutorial.md) pass  
   - [X] scenario   [what are those new files in the current dir?](../../docs/tutorial.md) pass  
   - [X] scenario   [second smk run](../../docs/tutorial.md) pass  
   - [X] scenario   [let's remove a file](../../docs/tutorial.md) pass  
   - [X] scenario   [let's modify a source](../../docs/tutorial.md) pass  
   - [X] scenario   [another smk run](../../docs/tutorial.md) pass  
